src/modules/auth/auth.repository.ts(16,17): error TS2322: Type '"USER" | "CARRIER" | "ADMIN"' is not assignable to type 'Role | undefined'.
  Type '"USER"' is not assignable to type 'Role | undefined'.
src/modules/bids/bid.service.ts(7,26): error TS2367: This comparison appears to be unintentional because the types 'ShipmentStatus' and '"PENDING"' have no overlap.
src/modules/carriers/carrier.service.ts(11,26): error TS2367: This comparison appears to be unintentional because the types 'ShipmentStatus' and '"PENDING"' have no overlap.
src/modules/carriers/carrier.service.ts(18,17): error TS2353: Object literal may only specify known properties, and 'deliveryDate' does not exist in type 'Without<BidCreateInput, BidUncheckedCreateInput> & BidUncheckedCreateInput'.
src/modules/reviews/review.repository.ts(6,38): error TS2353: Object literal may only specify known properties, and 'fromId' does not exist in type '(Without<ReviewCreateInput, ReviewUncheckedCreateInput> & ReviewUncheckedCreateInput) | (Without<...> & ReviewCreateInput)'.
src/modules/reviews/review.repository.ts(12,22): error TS2353: Object literal may only specify known properties, and 'toId' does not exist in type 'ReviewWhereInput'.
src/modules/reviews/review.repository.ts(14,17): error TS2353: Object literal may only specify known properties, and 'from' does not exist in type 'ReviewInclude<DefaultArgs>'.
src/modules/shipments/shipment.repository.ts(7,13): error TS2322: Type '{ ownerId: string; title: string; description?: string; origin: string; destination: string; weight?: number; dimensions?: string; }' is not assignable to type '(Without<ShipmentCreateInput, ShipmentUncheckedCreateInput> & ShipmentUncheckedCreateInput) | (Without<...> & ShipmentCreateInput)'.
  Type '{ ownerId: string; title: string; description?: string; origin: string; destination: string; weight?: number; dimensions?: string; }' is not assignable to type 'Without<ShipmentCreateInput, ShipmentUncheckedCreateInput> & ShipmentUncheckedCreateInput'.
    Type '{ ownerId: string; title: string; description?: string | undefined; origin: string; destination: string; weight?: number | undefined; dimensions?: string | undefined; }' is missing the following properties from type 'ShipmentUncheckedCreateInput': originAddress, destinationAddress
src/modules/shipments/shipment.repository.ts(92,13): error TS2322: Type 'UpdateShipmentDto' is not assignable to type '(Without<ShipmentUpdateInput, ShipmentUncheckedUpdateInput> & ShipmentUncheckedUpdateInput) | (Without<...> & ShipmentUpdateInput)'.
  Type 'UpdateShipmentDto' is not assignable to type 'Without<ShipmentUncheckedUpdateInput, ShipmentUpdateInput> & ShipmentUpdateInput'.
    Types of property 'status' are incompatible.
      Type '"PENDING" | "BOOKED" | "IN_TRANSIT" | "DELIVERED" | "CANCELLED" | undefined' is not assignable to type 'ShipmentStatus | EnumShipmentStatusFieldUpdateOperationsInput | undefined'.
        Type '"PENDING"' is not assignable to type 'ShipmentStatus | EnumShipmentStatusFieldUpdateOperationsInput | undefined'.
